2026-02-15 23:39:33,764 - INFO - file_cache is only supported with oauth2client<4.0.0
2026-02-15 23:39:35,974 - INFO - 追加: 25H0204FA0
2026-02-15 23:39:36,387 - INFO - 追加: 25H0204870
2026-02-15 23:39:36,907 - INFO - 追加: 25H0203FD0
2026-02-15 23:39:37,413 - INFO - 追加: 25H02044F0
2026-02-15 23:39:37,930 - INFO - 追加: 25H0203B90
2026-02-15 23:39:38,356 - INFO - 追加: 25H0203B80
2026-02-22 14:53:56,506 - INFO - file_cache is only supported with oauth2client<4.0.0
2026-02-22 14:54:00,710 - INFO - 更新: 25H0208320
2026-02-22 14:54:01,254 - INFO - 更新: 25H02086A0
2026-02-22 14:54:01,775 - INFO - 追加: 25H02086D0
2026-02-22 14:54:02,300 - INFO - 更新: 25H0205FF0
2026-02-22 14:54:02,855 - INFO - 更新: 25H02066F0
2026-02-22 14:58:56,011 - INFO - file_cache is only supported with oauth2client<4.0.0
2026-02-22 14:58:58,823 - INFO - 更新: 25H0208320
2026-02-22 14:58:59,357 - INFO - 更新: 25H02086A0
2026-02-22 14:58:59,851 - INFO - 更新: 25H02086D0
2026-02-22 14:59:00,365 - INFO - 更新: 25H0205FF0
2026-02-22 14:59:00,894 - INFO - 更新: 25H02066F0
2026-02-22 15:53:58,141 - INFO - file_cache is only supported with oauth2client<4.0.0
2026-02-22 15:54:01,584 - INFO - 更新: 25H0208320
2026-02-22 15:54:02,135 - INFO - 更新: 25H02086A0
2026-02-22 15:54:08,198 - INFO - 追加: 25H02084E0
2026-02-22 15:54:08,703 - INFO - 更新: 25H02086D0
2026-02-22 15:54:09,154 - INFO - 更新: 25H0205FF0
2026-02-22 15:54:09,686 - INFO - 更新: 25H02066F0
2026-02-22 16:34:15,202 - INFO - file_cache is only supported with oauth2client<4.0.0
2026-02-22 16:34:19,169 - INFO - 更新: 25H0208320
2026-02-22 16:34:19,629 - INFO - 更新: 25H02086A0
2026-02-22 16:34:25,927 - INFO - 追加: 25H02084E0
2026-02-22 16:34:26,439 - INFO - 更新: 25H02086D0
2026-02-22 16:34:26,952 - INFO - 更新: 25H0205FF0
2026-02-22 16:34:27,495 - INFO - 更新: 25H02066F0
2026-02-22 16:47:36,157 - INFO - file_cache is only supported with oauth2client<4.0.0
2026-02-22 16:47:39,633 - INFO - 更新: 25H0208320
2026-02-22 16:47:40,141 - INFO - 更新: 25H02086A0
2026-02-22 16:47:40,579 - INFO - 更新: 25H02084E0
2026-02-22 16:47:41,118 - INFO - 更新: 25H02086D0
2026-02-22 16:47:41,608 - INFO - 更新: 25H0205FF0
2026-02-22 16:47:42,173 - INFO - 更新: 25H02066F0
